[2026-07-21 06:31:04] ssh key: /Users/hyx/.ssh/id_github_dave-he
[2026-07-21 06:31:04] ===== LNN daily pipeline for 2026-07-21 =====
[2026-07-21 06:31:04] repo: /Users/hyx/workspace/LNN
[2026-07-21 06:31:04] skip: digest=0 report=1 commit=0 repro=1
[2026-07-21 06:31:04] exec: git fetch --no-tags origin
[2026-07-21 06:31:09] exec: git pull --ff-only origin HEAD
[2026-07-21 06:31:14] [1/4] digest: 抓取 arXiv / GitHub / Hugging Face 更新
[2026-07-21 06:31:14] exec: python3 scripts/daily_lnn_research.py         --date '2026-07-21'         --max-results '25'         --per-query '8'
[2026-07-21 06:36:37] [2/4] report: SKIPPED
[2026-07-21 06:36:37] [3/4] commit: 提交当日 docs/ papers/ 变更
[2026-07-21 06:36:37] exec: git add docs papers
[2026-07-21 06:36:37] exec: git commit -m 'chore(daily): LNN digest + 研读报告 2026-07-21'
[2026-07-21 06:36:37] exec: git push origin HEAD
[2026-07-21 06:36:42] [4/4] reproduce: SKIPPED
[2026-07-21 06:36:42] ===== pipeline done =====
[2026-07-21 06:37:58] ssh key: /Users/hyx/.ssh/id_github_dave-he
[2026-07-21 06:37:58] ===== LNN daily pipeline for 2026-07-21 =====
[2026-07-21 06:37:58] repo: /Users/hyx/workspace/LNN
[2026-07-21 06:37:58] skip: digest=1 report=1 commit=0 repro=1
[2026-07-21 06:37:58] exec: git fetch --no-tags origin
[2026-07-21 06:38:02] exec: git pull --ff-only origin HEAD
[2026-07-21 06:38:06] [1/4] digest: SKIPPED
[2026-07-21 06:38:06] [2/4] report: SKIPPED
[2026-07-21 06:38:06] [3/4] commit: 提交当日 docs/ papers/ 变更
[2026-07-21 06:38:06] exec: git add docs papers
[2026-07-21 06:38:06]   无 staged 变更, 跳过 commit
[2026-07-21 06:38:06] [4/4] reproduce: SKIPPED
[2026-07-21 06:38:06] ===== pipeline done =====
[2026-07-21 06:38:14] ssh key: /Users/hyx/.ssh/id_github_dave-he
[2026-07-21 06:38:14] ===== LNN daily pipeline for 2026-07-21 =====
[2026-07-21 06:38:14] repo: /Users/hyx/workspace/LNN
[2026-07-21 06:38:14] skip: digest=1 report=1 commit=1 repro=0
[2026-07-21 06:38:14] [1/4] digest: SKIPPED
[2026-07-21 06:38:14] [2/4] report: SKIPPED
[2026-07-21 06:38:14] [3/4] commit: SKIPPED
[2026-07-21 06:38:14] [4/4] reproduce: 按 digest 挑选并跑论文复现
[2026-07-21 06:38:14] exec: python3 scripts/replicate_paper_dispatch.py         --date '2026-07-21'
