
=== 2026-07-20 06:38:28 reproducing 2606.26849v1 via scripts/experiment_imitation_lnn.py ===
title : [Liquid Fusion of Heterogeneous Representations Towards General Salient Object Detection](https://arxiv.org/abs/2606.26849v1)
cmd   : python3 scripts/experiment_imitation_lnn.py
[exit] 1


=== 2026-07-20 06:38:28 reproducing 2605.27467v1 via scripts/replicate_temporal_dropout.py ===
title : [Comparative Analysis of Liquid Neural Networks and LSTM for Sequential Pattern Recognition: Robustness, Efficiency, and Clinical Utility](https://arxiv.org/abs/2605.27467v1)
cmd   : python3 scripts/replicate_temporal_dropout.py --output_dir analysis/replication/temporal_dropout
[exit] 1


=== 2026-07-20 06:39:06 reproducing 2606.26849v1 via scripts/experiment_imitation_lnn.py ===
title : [Liquid Fusion of Heterogeneous Representations Towards General Salient Object Detection](https://arxiv.org/abs/2606.26849v1)
cmd   : python3 scripts/experiment_imitation_lnn.py
[exit] 1


=== 2026-07-20 06:39:07 reproducing 2605.27467v1 via scripts/replicate_temporal_dropout.py ===
title : [Comparative Analysis of Liquid Neural Networks and LSTM for Sequential Pattern Recognition: Robustness, Efficiency, and Clinical Utility](https://arxiv.org/abs/2605.27467v1)
cmd   : python3 scripts/replicate_temporal_dropout.py --output_dir analysis/replication/temporal_dropout
[exit] 1


=== 2026-07-20 06:39:14 reproducing 2606.26849v1 via scripts/experiment_imitation_lnn.py ===
title : [Liquid Fusion of Heterogeneous Representations Towards General Salient Object Detection](https://arxiv.org/abs/2606.26849v1)
cmd   : python3 scripts/experiment_imitation_lnn.py
[exit] 0


=== 2026-07-20 06:39:25 reproducing 2605.27467v1 via scripts/replicate_temporal_dropout.py ===
title : [Comparative Analysis of Liquid Neural Networks and LSTM for Sequential Pattern Recognition: Robustness, Efficiency, and Clinical Utility](https://arxiv.org/abs/2605.27467v1)
cmd   : python3 scripts/replicate_temporal_dropout.py --output_dir analysis/replication/temporal_dropout
[exit] 0

复现完成: 2/2 成功 (含 PATH 注入 .venv312 重试, 见上), 失败 0, 日志 /Users/hyx/workspace/LNN/logs/pipeline/2026-07-20_reproduce.log
注: dispatch 主进程在第二篇完成后退回 mainloop 前发生 hang, 已 kill -9 PID 71240; 实际 subprocess.run 已 exit 0, 日志与产物均完整.

